// Jest Snapshot v1, https://goo.gl/fbAQLP

exports[`Wireframe: Identifier should render correctly 1`] = `ShallowWrapper {}`;
